Archive member included to satisfy reference by file (symbol)

../hal/src/photon/lib/FreeRTOS/STM32F2xx_bootloader.a(crt0_GCC.o)
                              (--whole-archive)
../hal/src/photon/lib/FreeRTOS/STM32F2xx_bootloader.a(hardfault_handler.o)
                              (--whole-archive)
../hal/src/photon/lib/FreeRTOS/STM32F2xx_bootloader.a(host_cm3.o)
                              (--whole-archive)
../hal/src/photon/lib/FreeRTOS/STM32F2xx_bootloader.a(platform_resource.o)
                              (--whole-archive)
../hal/src/photon/lib/FreeRTOS/STM32F2xx_bootloader.a(platform_stdio.o)
                              (--whole-archive)
../hal/src/photon/lib/FreeRTOS/STM32F2xx_bootloader.a(wiced_platform_common.o)
                              (--whole-archive)
../hal/src/photon/lib/FreeRTOS/STM32F2xx_bootloader.a(wwd_platform_separate_mcu.o)
                              (--whole-archive)
../hal/src/photon/lib/FreeRTOS/STM32F2xx_bootloader.a(wwd_resources.o)
                              (--whole-archive)
../hal/src/photon/lib/FreeRTOS/STM32F2xx_bootloader.a(wiced_apps_common.o)
                              (--whole-archive)
../hal/src/photon/lib/FreeRTOS/STM32F2xx_bootloader.a(wiced_waf_common.o)
                              (--whole-archive)
../hal/src/photon/lib/FreeRTOS/STM32F2xx_bootloader.a(wiced_dct_internal_common.o)
                              (--whole-archive)
../hal/src/photon/lib/FreeRTOS/STM32F2xx_bootloader.a(wiced_dct_update.o)
                              (--whole-archive)
../hal/src/photon/lib/FreeRTOS/STM32F2xx_bootloader.a(platform_nsclock.o)
                              (--whole-archive)
../hal/src/photon/lib/FreeRTOS/STM32F2xx_bootloader.a(platform_vector_table.o)
                              (--whole-archive)
../hal/src/photon/lib/FreeRTOS/STM32F2xx_bootloader.a(platform_init.o)
                              (--whole-archive)
../hal/src/photon/lib/FreeRTOS/STM32F2xx_bootloader.a(platform_unhandled_isr.o)
                              (--whole-archive)
../hal/src/photon/lib/FreeRTOS/STM32F2xx_bootloader.a(platform_filesystem.o)
                              (--whole-archive)
../hal/src/photon/lib/FreeRTOS/STM32F2xx_bootloader.a(waf_platform.o)
                              (--whole-archive)
../hal/src/photon/lib/FreeRTOS/STM32F2xx_bootloader.a(wwd_platform.o)
                              (--whole-archive)
../hal/src/photon/lib/FreeRTOS/STM32F2xx_bootloader.a(wwd_SDIO.o)
                              (--whole-archive)
../build/target/platform/platform-6-lto//libplatform.a(usb_core.o)
                              (--whole-archive)
../build/target/platform/platform-6-lto//libplatform.a(usb_dcd_int.o)
                              (--whole-archive)
../build/target/platform/platform-6-lto//libplatform.a(usb_dcd.o)
                              (--whole-archive)
../build/target/platform/platform-6-lto//libplatform.a(usbd_core.o)
                              (--whole-archive)
../build/target/platform/platform-6-lto//libplatform.a(usbd_req.o)
                              (--whole-archive)
../build/target/platform/platform-6-lto//libplatform.a(usbd_ioreq.o)
                              (--whole-archive)
../build/target/platform/platform-6-lto//libplatform.a(usbd_dfu_core.o)
                              (--whole-archive)
../build/target/platform/platform-6-lto//libplatform.a(usbd_dfu_mal.o)
                              (--whole-archive)
../build/target/platform/platform-6-lto//libplatform.a(usbd_flash_if.o)
                              (--whole-archive)
../build/target/platform/platform-6-lto//libplatform.a(usbd_dct_if.o)
                              (--whole-archive)
../build/target/platform/platform-6-lto//libplatform.a(system_stm32f2xx.o)
                              (--whole-archive)
../build/target/platform/platform-6-lto//libplatform.a(hw_config.o)
                              (--whole-archive)
../build/target/platform/platform-6-lto//libplatform.a(flash_mal.o)
                              (--whole-archive)
../build/target/platform/platform-6-lto//libplatform.a(usb_bsp.o)
                              (--whole-archive)
../build/target/platform/platform-6-lto//libplatform.a(usbd_usr.o)
                              (--whole-archive)
../build/target/platform/platform-6-lto//libplatform.a(usbd_composite.o)
                              (--whole-archive)
../build/target/platform/platform-6-lto//libplatform.a(system_flags_impl.o)
                              (--whole-archive)
../build/target/platform/platform-6-lto//libplatform.a(usbd_mcdc.o)
                              (--whole-archive)
../build/target/platform/platform-6-lto//libplatform.a(usbd_mhid.o)
                              (--whole-archive)
../build/target/platform/platform-6-lto//libplatform.a(hw_ticks.o)
                              (--whole-archive)
../build/target/platform/platform-6-lto//libplatform.a(hw_system_flags.o)
                              (--whole-archive)
[...]
Memory Configuration

Name             Origin             Length             Attributes
RAM              0x20002300         0x00004000         xrw
APP_FLASH        0x08000000         0x00004000         xr
DCT1_FLASH       0x08004000         0x00004000         xr
DCT2_FLASH       0x08008000         0x00004000         xr
BACKUPSRAM       0x40024000         0x00000c00         xrw
BACKUPSRAM_SYSTEM 0x40024c00         0x00000400         xrw
*default*        0x00000000         0xffffffff

Linker script and memory map

LOAD ../build/target/bootloader/platform-6-lto/./src/main.o
LOAD /tmp/cccBId7L.ltrans0.ltrans.o
LOAD /tmp/cccBId7L.ltrans1.ltrans.o
LOAD /tmp/cccBId7L.ltrans2.ltrans.o
LOAD /tmp/cccBId7L.ltrans3.ltrans.o
LOAD /tmp/cccBId7L.ltrans4.ltrans.o
LOAD /tmp/cccBId7L.ltrans5.ltrans.o
LOAD /tmp/cccBId7L.ltrans6.ltrans.o
LOAD ../build/target/bootloader/platform-6-lto/./src/module_info.o
LOAD ../build/target/bootloader/platform-6-lto/./src/stm32f2xx/led_signal.o
LOAD ../build/target/bootloader/platform-6-lto/./src/stm32f2xx/hal_irq_flag.o
LOAD ../build/target/bootloader/platform-6-lto/./src/stm32f2xx/dfu_usb.o
LOAD ../build/target/bootloader/platform-6-lto/./src/stm32f2xx/stm32_it.o
LOAD ../build/target/bootloader/platform-6-lto/./src/stm32f2xx/module.o
LOAD ../build/target/bootloader/platform-6-lto/./src/stm32f2xx/deviceid_hal.o
LOAD ../build/target/bootloader/platform-6-lto/./src/stm32f2xx/usbd_desc.o
LOAD ../build/target/bootloader/platform-6-lto/./src/stm32f2xx/bkpreg_hal.o
LOAD ../build/target/bootloader/platform-6-lto/./src/stm32f2xx/button.o
LOAD ../build/target/bootloader/platform-6-lto/./src/stm32f2xx/platform.o
LOAD ../build/target/bootloader/platform-6-lto/./src/stm32f2xx/concurrent_hal.o
LOAD ../build/target/bootloader/platform-6-lto/./src/stm32f2xx/syshealth.o
LOAD ../build/target/bootloader/platform-6-lto/./src/photon/bootloader_dct.o
LOAD ../build/target/bootloader/platform-6-lto/./src/photon/startup.o
LOAD ../build/target/bootloader/platform-6-lto/./src/photon/stdperiphdriver/stm32f2xx_flash.o
LOAD ../build/target/bootloader/platform-6-lto/./src/photon/stdperiphdriver/stm32f2xx_cryp_des.o
LOAD ../build/target/bootloader/platform-6-lto/./src/photon/stdperiphdriver/stm32f2xx_spi.o
LOAD ../build/target/bootloader/platform-6-lto/./src/photon/stdperiphdriver/stm32f2xx_fsmc.o
LOAD ../build/target/bootloader/platform-6-lto/./src/photon/stdperiphdriver/stm32f2xx_dbgmcu.o
LOAD ../build/target/bootloader/platform-6-lto/./src/photon/stdperiphdriver/stm32f2xx_rtc.o
LOAD ../build/target/bootloader/platform-6-lto/./src/photon/stdperiphdriver/stm32f2xx_pwr.o
LOAD ../build/target/bootloader/platform-6-lto/./src/photon/stdperiphdriver/stm32f2xx_sdio.o
LOAD ../build/target/bootloader/platform-6-lto/./src/photon/stdperiphdriver/stm32f2xx_rcc.o
LOAD ../build/target/bootloader/platform-6-lto/./src/photon/stdperiphdriver/stm32f2xx_iwdg.o
LOAD ../build/target/bootloader/platform-6-lto/./src/photon/stdperiphdriver/stm32f2xx_adc.o
LOAD ../build/target/bootloader/platform-6-lto/./src/photon/stdperiphdriver/stm32f2xx_gpio.o
LOAD ../build/target/bootloader/platform-6-lto/./src/photon/stdperiphdriver/stm32f2xx_hash.o
LOAD ../build/target/bootloader/platform-6-lto/./src/photon/stdperiphdriver/stm32f2xx_cryp_tdes.o
LOAD ../build/target/bootloader/platform-6-lto/./src/photon/stdperiphdriver/stm32f2xx_exti.o
LOAD ../build/target/bootloader/platform-6-lto/./src/photon/stdperiphdriver/stm32f2xx_dac.o
LOAD ../build/target/bootloader/platform-6-lto/./src/photon/stdperiphdriver/stm32f2xx_can.o
LOAD ../build/target/bootloader/platform-6-lto/./src/photon/stdperiphdriver/misc.o
LOAD ../build/target/bootloader/platform-6-lto/./src/photon/stdperiphdriver/stm32f2xx_hash_sha1.o
LOAD ../build/target/bootloader/platform-6-lto/./src/photon/stdperiphdriver/stm32f2xx_crc.o
LOAD ../build/target/bootloader/platform-6-lto/./src/photon/stdperiphdriver/stm32f2xx_tim.o
LOAD ../build/target/bootloader/platform-6-lto/./src/photon/stdperiphdriver/stm32f2xx_syscfg.o
LOAD ../build/target/bootloader/platform-6-lto/./src/photon/stdperiphdriver/stm32f2xx_i2c.o
LOAD ../build/target/bootloader/platform-6-lto/./src/photon/stdperiphdriver/stm32f2xx_hash_md5.o
LOAD ../build/target/bootloader/platform-6-lto/./src/photon/stdperiphdriver/stm32f2xx_wwdg.o
LOAD ../build/target/bootloader/platform-6-lto/./src/photon/stdperiphdriver/stm32f2xx_usart.o
LOAD ../build/target/bootloader/platform-6-lto/./src/photon/stdperiphdriver/stm32f2xx_dcmi.o
LOAD ../build/target/bootloader/platform-6-lto/./src/photon/stdperiphdriver/stm32f2xx_cryp_aes.o
LOAD ../build/target/bootloader/platform-6-lto/./src/photon/stdperiphdriver/stm32f2xx_cryp.o
LOAD ../build/target/bootloader/platform-6-lto/./src/photon/stdperiphdriver/stm32f2xx_rng.o
LOAD ../build/target/bootloader/platform-6-lto/./src/photon/stdperiphdriver/stm32f2xx_dma.o
LOAD ../build/target/bootloader/platform-6-lto/startup/startup_stm32f2xx.o
LOAD ../hal/src/photon/lib/FreeRTOS/STM32F2xx_bootloader.a
LOAD ../build/target/platform/platform-6-lto//libplatform.a
LOAD ../build/target/services/platform-6-lto//libservices.a
LOAD /home/sedur/compilers/gcc-arm-none-eabi-5_3-2016q1/bin/../lib/gcc/arm-none-eabi/5.3.1/../../../../arm-none-eabi/lib/armv7-m/libstdc++.a
LOAD /home/sedur/compilers/gcc-arm-none-eabi-5_3-2016q1/bin/../lib/gcc/arm-none-eabi/5.3.1/../../../../arm-none-eabi/lib/armv7-m/libm.a
START GROUP
LOAD /home/sedur/compilers/gcc-arm-none-eabi-5_3-2016q1/bin/../lib/gcc/arm-none-eabi/5.3.1/armv7-m/libgcc.a
LOAD /home/sedur/compilers/gcc-arm-none-eabi-5_3-2016q1/bin/../lib/gcc/arm-none-eabi/5.3.1/../../../../arm-none-eabi/lib/armv7-m/libg.a
LOAD /home/sedur/compilers/gcc-arm-none-eabi-5_3-2016q1/bin/../lib/gcc/arm-none-eabi/5.3.1/../../../../arm-none-eabi/lib/armv7-m/libc.a
END GROUP
                0x00000800                __Stack_Size = 0x800
                0x2001f800                __Stack_Init = (_estack - __Stack_Size)
                0x00001400                _Minimum_Stack_Size = 0x1400
                0x080a0000                user_module_app_flash_origin = 0x80a0000
                0x00020000                user_module_app_flash_length = 0x20000
                0x20000300                user_module_sram_origin = 0x20000300
                0x00014500                user_module_sram_length = 0x14500
                0x00004000                bootloader_ram_length = 0x4000
                0x00002000                bootloader_ram_offset = 0x2000
                0x20002300                bootloader_ram_origin = (user_module_sram_origin + bootloader_ram_offset)
                0x00000001                ASSERT (((bootloader_ram_offset + bootloader_ram_length) <= user_module_sram_length), Insufficient space for RAM region)
                [!provide]                PROVIDE (_Stack_Size, __Stack_Size)
                [!provide]                PROVIDE (_Stack_Init, __Stack_Init)
                0x20020000                _estack = 0x20020000

.module_start   0x08000000        0x0
                0x08000000                link_module_start = .

.isr_vector     0x08000000      0x184
                0x08000000                . = ALIGN (0x4)
 *(.interrupt_vector_table)
 .interrupt_vector_table
                0x08000000      0x184 ../build/target/bootloader/platform-6-lto/startup/startup_stm32f2xx.o
                0x08000000                g_pfnVectors
                0x08000184                . = ALIGN (0x4)

.module_info    0x08000184       0x18
                0x08000184                . = ALIGN (0x4)
                0x08000184                link_module_info_start = .
 *.o(.modinfo.module_info)
 .modinfo.module_info
                0x08000184       0x18 /tmp/cccBId7L.ltrans0.ltrans.o
                0x08000184                module_info
                0x0800019c                link_module_info_end = .

.flashtext      0x0800019c        0x0
                0x0800019c                . = ALIGN (0x4)
 *(.flashtext)
                0x0800019c                . = ALIGN (0x4)

.text           0x0800019c     0x3804
                0x0800019c                . = ALIGN (0x4)
 *(.text)
 *(.text.*)
 .text.startup.main
                0x0800019c      0xb4c /tmp/cccBId7L.ltrans0.ltrans.o
                0x0800019c                main
 .text.USBD_DataOutStage.lto_priv.101
                0x08000ce8       0x92 /tmp/cccBId7L.ltrans1.ltrans.o
                0x08000ce8                USBD_DataOutStage.lto_priv.101
 .text.DCD_DevDisconnect
                0x08000d7a       0x12 /tmp/cccBId7L.ltrans1.ltrans.o
                0x08000d7a                DCD_DevDisconnect
 .text.DCD_EP_Stall
                0x08000d8c       0x50 /tmp/cccBId7L.ltrans1.ltrans.o
                0x08000d8c                DCD_EP_Stall
 .text.USBD_SetupStage.lto_priv.103
                0x08000ddc      0x46c /tmp/cccBId7L.ltrans1.ltrans.o
                0x08000ddc                USBD_SetupStage.lto_priv.103
 .text.USB_OTG_CoreReset.isra.1.lto_priv.123
                0x08001248       0x50 /tmp/cccBId7L.ltrans1.ltrans.o
                0x08001248                USB_OTG_CoreReset.isra.1.lto_priv.123
 .text.USB_OTG_EP0_OutStart
                0x08001298       0x42 /tmp/cccBId7L.ltrans1.ltrans.o
                0x08001298                USB_OTG_EP0_OutStart
 .text.USB_OTG_EP0StartXfer
                0x080012da       0xe0 /tmp/cccBId7L.ltrans1.ltrans.o
                0x080012da                USB_OTG_EP0StartXfer
 .text.USB_OTG_EPActivate
                0x080013ba       0x6c /tmp/cccBId7L.ltrans1.ltrans.o
                0x080013ba                USB_OTG_EPActivate
 *fill*         0x08001426        0x2 
 .text.NVIC_Init.part.0.lto_priv.93
                0x08001428       0x50 /tmp/cccBId7L.ltrans1.ltrans.o
                0x08001428                NVIC_Init.part.0.lto_priv.93
 .text.Get_RGB_LED_Max_Value
                0x08001478        0xc /tmp/cccBId7L.ltrans2.ltrans.o
                0x08001478                Get_RGB_LED_Max_Value
 .text.Get_RGB_LED_Values
                0x08001484       0x12 /tmp/cccBId7L.ltrans2.ltrans.o
                0x08001484                Get_RGB_LED_Values
 *fill*         0x08001496        0x2 
 .text.Led_Set_Value
                0x08001498       0x44 /tmp/cccBId7L.ltrans2.ltrans.o
 .text.Set_RGB_LED_Values
                0x080014dc       0x2c /tmp/cccBId7L.ltrans2.ltrans.o
                0x080014dc                Set_RGB_LED_Values
 .text.addressToSectorIndex
                0x08001508       0x50 /tmp/cccBId7L.ltrans2.ltrans.o
                0x08001508                addressToSectorIndex
 .text.Compute_CRC32
                0x08001558       0x5c /tmp/cccBId7L.ltrans2.ltrans.o
                0x08001558                Compute_CRC32
 .text.FLASH_CheckCopyMemory
                0x080015b4       0xb4 /tmp/cccBId7L.ltrans2.ltrans.o
                0x080015b4                FLASH_CheckCopyMemory
 .text.Save_SystemFlags
                0x08001668       0x54 /tmp/cccBId7L.ltrans2.ltrans.o
                0x08001668                Save_SystemFlags
 .text.Finish_Update
                0x080016bc       0x38 /tmp/cccBId7L.ltrans2.ltrans.o
                0x080016bc                Finish_Update
 .text.unlikely.FACTORY_Flash_Reset
                0x080016f4       0x34 /tmp/cccBId7L.ltrans2.ltrans.o
                0x080016f4                FACTORY_Flash_Reset
 .text.Load_SystemFlags
                0x08001728       0xa0 /tmp/cccBId7L.ltrans2.ltrans.o
                0x08001728                Load_SystemFlags
 .text.BUTTON_EXTI_Config
                0x080017c8       0xa8 /tmp/cccBId7L.ltrans2.ltrans.o
                0x080017c8                BUTTON_EXTI_Config
 .text.Timer_Configure_Pwm.lto_priv.125
                0x08001870      0x198 /tmp/cccBId7L.ltrans2.ltrans.o
                0x08001870                Timer_Configure_Pwm.lto_priv.125
 .text.Timer_Configure.lto_priv.126
                0x08001a08      0x128 /tmp/cccBId7L.ltrans2.ltrans.o
                0x08001a08                Timer_Configure.lto_priv.126
 .text.FLASH_CopyMemory
                0x08001b30      0x160 /tmp/cccBId7L.ltrans2.ltrans.o
                0x08001b30                FLASH_CopyMemory
 .text.DCT_If_CheckAdd
                0x08001c90        0xc /tmp/cccBId7L.ltrans3.ltrans.o
                0x08001c90                DCT_If_CheckAdd
 .text.FLASH_If_Init
                0x08001c9c        0x4 /tmp/cccBId7L.ltrans3.ltrans.o
                0x08001c9c                FLASH_If_Init
 .text.DCT_If_DeInit
                0x08001ca0        0x4 /tmp/cccBId7L.ltrans3.ltrans.o
                0x08001ca0                DCT_If_DeInit
 .text.DCT_If_Verify
                0x08001ca4        0x4 /tmp/cccBId7L.ltrans3.ltrans.o
                0x08001ca4                DCT_If_Verify
 .text.DCT_If_Erase
                0x08001ca8        0x4 /tmp/cccBId7L.ltrans3.ltrans.o
                0x08001ca8                DCT_If_Erase
 .text.DCT_If_Init
                0x08001cac        0x4 /tmp/cccBId7L.ltrans3.ltrans.o
                0x08001cac                DCT_If_Init
 .text.FLASH_If_CheckAdd
                0x08001cb0       0x10 /tmp/cccBId7L.ltrans3.ltrans.o
                0x08001cb0                FLASH_If_CheckAdd
 .text.FLASH_If_Verify
                0x08001cc0       0x24 /tmp/cccBId7L.ltrans3.ltrans.o
                0x08001cc0                FLASH_If_Verify
 .text.FLASH_If_Read
                0x08001ce4        0x2 /tmp/cccBId7L.ltrans3.ltrans.o
                0x08001ce4                FLASH_If_Read
 .text.FLASH_If_DeInit
                0x08001ce6        0x4 /tmp/cccBId7L.ltrans3.ltrans.o
                0x08001ce6                FLASH_If_DeInit
 *fill*         0x08001cea        0x2 
 .text.USBD_DFU_GetOtherCfgDesc.lto_priv.116
                0x08001cec        0xc /tmp/cccBId7L.ltrans3.ltrans.o
                0x08001cec                USBD_DFU_GetOtherCfgDesc.lto_priv.116
 .text.USBD_DFU_GetCfgDesc.lto_priv.115
                0x08001cf8        0xc /tmp/cccBId7L.ltrans3.ltrans.o
                0x08001cf8                USBD_DFU_GetCfgDesc.lto_priv.115
 .text.EP0_RxReady.lto_priv.114
                0x08001d04        0x4 /tmp/cccBId7L.ltrans3.ltrans.o
                0x08001d04                EP0_RxReady.lto_priv.114
 .text.usbd_dfu_Init.lto_priv.110
                0x08001d08       0x30 /tmp/cccBId7L.ltrans3.ltrans.o
                0x08001d08                usbd_dfu_Init.lto_priv.110
 .text.USBD_IsoOUTIncomplete.lto_priv.109
                0x08001d38        0xe /tmp/cccBId7L.ltrans3.ltrans.o
                0x08001d38                USBD_IsoOUTIncomplete.lto_priv.109
 .text.USBD_IsoINIncomplete.lto_priv.108
                0x08001d46        0xe /tmp/cccBId7L.ltrans3.ltrans.o
                0x08001d46                USBD_IsoINIncomplete.lto_priv.108
 .text.USBD_SOF.lto_priv.104
                0x08001d54       0x10 /tmp/cccBId7L.ltrans3.ltrans.o
                0x08001d54                USBD_SOF.lto_priv.104
 .text.USBD_Suspend.lto_priv.106
                0x08001d64       0x1e /tmp/cccBId7L.ltrans3.ltrans.o
                0x08001d64                USBD_Suspend.lto_priv.106
 .text.USBD_Resume.lto_priv.107
                0x08001d82       0x18 /tmp/cccBId7L.ltrans3.ltrans.o
                0x08001d82                USBD_Resume.lto_priv.107
 .text.DCT_If_Read
                0x08001d9a        0x4 /tmp/cccBId7L.ltrans3.ltrans.o
                0x08001d9a                DCT_If_Read
 *fill*         0x08001d9e        0x2 
 .text.DCT_If_Write
                0x08001da0       0x18 /tmp/cccBId7L.ltrans3.ltrans.o
                0x08001da0                DCT_If_Write
 .text.USBD_DFU_GetUsrStringDesc.lto_priv.117
                0x08001db8       0x24 /tmp/cccBId7L.ltrans3.ltrans.o
                0x08001db8                USBD_DFU_GetUsrStringDesc.lto_priv.117
 .text.USBD_DataInStage.lto_priv.102
                0x08001ddc       0xc4 /tmp/cccBId7L.ltrans3.ltrans.o
                0x08001ddc                USBD_DataInStage.lto_priv.102
 .text.USBD_Reset.lto_priv.105
                0x08001ea0       0x54 /tmp/cccBId7L.ltrans3.ltrans.o
                0x08001ea0                USBD_Reset.lto_priv.105
 .text.unlikely.NVIC_SystemReset.lto_priv.96.lto_priv.99
                0x08001ef4       0x20 /tmp/cccBId7L.ltrans3.ltrans.o
                0x08001ef4                NVIC_SystemReset.lto_priv.96.lto_priv.99
                0x08001ef4                NVIC_SystemReset.lto_priv.97.lto_priv.98
 .text.SystemInit
                0x08001f14       0xd4 /tmp/cccBId7L.ltrans3.ltrans.o
                0x08001f14                SystemInit
 .text.MAL_CheckAdd.lto_priv.94
                0x08001fe8       0x1c /tmp/cccBId7L.ltrans3.ltrans.o
                0x08001fe8                MAL_CheckAdd.lto_priv.94
 .text.MAL_DeInit
                0x08002004       0x20 /tmp/cccBId7L.ltrans3.ltrans.o
                0x08002004                MAL_DeInit
 .text.usbd_dfu_DeInit.lto_priv.111
                0x08002024       0x30 /tmp/cccBId7L.ltrans3.ltrans.o
                0x08002024                usbd_dfu_DeInit.lto_priv.111
 .text.USBD_CtlSendStatus
                0x08002054       0x1c /tmp/cccBId7L.ltrans3.ltrans.o
                0x08002054                USBD_CtlSendStatus
 .text.USBD_CtlSendData
                0x08002070       0x1a /tmp/cccBId7L.ltrans3.ltrans.o
                0x08002070                USBD_CtlSendData
 .text.USBD_CtlError
                0x0800208a       0x1c /tmp/cccBId7L.ltrans3.ltrans.o
                0x0800208a                USBD_CtlError
 *fill*         0x080020a6        0x2 
 .text.EP0_TxSent.lto_priv.113
                0x080020a8      0x1a4 /tmp/cccBId7L.ltrans3.ltrans.o
                0x080020a8                EP0_TxSent.lto_priv.113
 .text.usbd_dfu_Setup.lto_priv.112
                0x0800224c      0x354 /tmp/cccBId7L.ltrans3.ltrans.o
                0x0800224c                usbd_dfu_Setup.lto_priv.112
 .text.USBD_SetCfg
                0x080025a0       0x1a /tmp/cccBId7L.ltrans3.ltrans.o
                0x080025a0                USBD_SetCfg
 *fill*         0x080025ba        0x2 
 .text.FLASH_If_Write
                0x080025bc       0x6c /tmp/cccBId7L.ltrans3.ltrans.o
                0x080025bc                FLASH_If_Write
 .text.FLASH_If_Erase
                0x08002628       0x50 /tmp/cccBId7L.ltrans3.ltrans.o
                0x08002628                FLASH_If_Erase
 .text.HAL_DFU_USB_Handle_Vendor_Request.lto_priv.122
                0x08002678       0x28 /tmp/cccBId7L.ltrans4.ltrans.o
                0x08002678                HAL_DFU_USB_Handle_Vendor_Request.lto_priv.122
 .text.dummy.lto_priv.121
                0x080026a0        0x2 /tmp/cccBId7L.ltrans4.ltrans.o
                0x080026a0                dummy.lto_priv.121
 .text.EXTI15_10_IRQHandler
                0x080026a2       0x36 /tmp/cccBId7L.ltrans4.ltrans.o
                0x080026a2                EXTI15_10_IRQHandler
 .text.EXTI9_5_IRQHandler
                0x080026d8       0x28 /tmp/cccBId7L.ltrans4.ltrans.o
                0x080026d8                EXTI9_5_IRQHandler
 .text.EXTI4_IRQHandler
                0x08002700        0x6 /tmp/cccBId7L.ltrans4.ltrans.o
                0x08002700                EXTI4_IRQHandler
 .text.EXTI3_IRQHandler
                0x08002706        0x6 /tmp/cccBId7L.ltrans4.ltrans.o
                0x08002706                EXTI3_IRQHandler
 .text.EXTI2_IRQHandler
                0x0800270c        0x6 /tmp/cccBId7L.ltrans4.ltrans.o
                0x0800270c                EXTI2_IRQHandler
 .text.EXTI1_IRQHandler
                0x08002712        0x6 /tmp/cccBId7L.ltrans4.ltrans.o
                0x08002712                EXTI1_IRQHandler
 .text.EXTI0_IRQHandler
                0x08002718        0x6 /tmp/cccBId7L.ltrans4.ltrans.o
                0x08002718                EXTI0_IRQHandler
 *fill*         0x0800271e        0x2 
 .text.OTG_HS_IRQHandler
                0x08002720      0x4b4 /tmp/cccBId7L.ltrans4.ltrans.o
                0x08002720                OTG_HS_IRQHandler
 .text.TIM2_IRQHandler
                0x08002bd4       0x1e /tmp/cccBId7L.ltrans4.ltrans.o
                0x08002bd4                TIM2_IRQHandler
 *fill*         0x08002bf2        0x2 
 .text.SysTick_Handler
                0x08002bf4       0xac /tmp/cccBId7L.ltrans4.ltrans.o
                0x08002bf4                SysTick_Handler
 .text.PendSV_Handler
                0x08002ca0        0x2 /tmp/cccBId7L.ltrans4.ltrans.o
                0x08002ca0                PendSV_Handler
 .text.DebugMon_Handler
                0x08002ca2        0x2 /tmp/cccBId7L.ltrans4.ltrans.o
                0x08002ca2                DebugMon_Handler
 .text.SVC_Handler
                0x08002ca4        0x2 /tmp/cccBId7L.ltrans4.ltrans.o
                0x08002ca4                SVC_Handler
 .text.UsageFault_Handler
                0x08002ca6        0x2 /tmp/cccBId7L.ltrans4.ltrans.o
                0x08002ca6                UsageFault_Handler
 .text.BusFault_Handler
                0x08002ca8        0x2 /tmp/cccBId7L.ltrans4.ltrans.o
                0x08002ca8                BusFault_Handler
 .text.MemManage_Handler
                0x08002caa        0x2 /tmp/cccBId7L.ltrans4.ltrans.o
                0x08002caa                MemManage_Handler
 .text.HardFault_Handler
                0x08002cac        0x2 /tmp/cccBId7L.ltrans4.ltrans.o
                0x08002cac                HardFault_Handler
 .text.NMI_Handler
                0x08002cae        0x2 /tmp/cccBId7L.ltrans4.ltrans.o
                0x08002cae                NMI_Handler
 .text.unlikely.is_application_valid
                0x08002cb0       0x3c /tmp/cccBId7L.ltrans4.ltrans.o
                0x08002cb0                is_application_valid
 .text.led_signal_color.lto_priv.124
                0x08002cec       0x2e /tmp/cccBId7L.ltrans4.ltrans.o
                0x08002cec                led_signal_color.lto_priv.124
 .text.CallConstructors
                0x08002d1a        0x4 /tmp/cccBId7L.ltrans4.ltrans.o
                0x08002d1a                CallConstructors
 *fill*         0x08002d1e        0x2 
 .text.OTG_HS_WKUP_IRQHandler
                0x08002d20       0x4c /tmp/cccBId7L.ltrans4.ltrans.o
                0x08002d20                OTG_HS_WKUP_IRQHandler
 .text.FLASH_GetStatus
                0x08002d6c       0x34 /tmp/cccBId7L.ltrans5.ltrans.o
 .text.USBD_USR_MsftStrDescriptor.lto_priv.120
                0x08002da0        0xc /tmp/cccBId7L.ltrans5.ltrans.o
                0x08002da0                USBD_USR_MsftStrDescriptor.lto_priv.120
 .text.USBD_USR_LangIDStrDescriptor
                0x08002dac        0xc /tmp/cccBId7L.ltrans5.ltrans.o
                0x08002dac                USBD_USR_LangIDStrDescriptor
 .text.USBD_USR_DeviceDescriptor
                0x08002db8        0xc /tmp/cccBId7L.ltrans5.ltrans.o
                0x08002db8                USBD_USR_DeviceDescriptor
 .text.init_dct_functions
                0x08002dc4       0x9c /tmp/cccBId7L.ltrans5.ltrans.o
 .text.BUTTON_Check_State
                0x08002e60       0x54 /tmp/cccBId7L.ltrans5.ltrans.o
 .text.BUTTON_Check_Irq
                0x08002eb4       0x30 /tmp/cccBId7L.ltrans5.ltrans.o
 .text.USBD_USR_ConfigStrDescriptor
                0x08002ee4       0x14 /tmp/cccBId7L.ltrans5.ltrans.o
                0x08002ee4                USBD_USR_ConfigStrDescriptor
 .text.USBD_USR_InterfaceStrDescriptor
                0x08002ef8       0x14 /tmp/cccBId7L.ltrans5.ltrans.o
                0x08002ef8                USBD_USR_InterfaceStrDescriptor
 .text.USBD_USR_ManufacturerStrDescriptor
                0x08002f0c       0x14 /tmp/cccBId7L.ltrans5.ltrans.o
                0x08002f0c                USBD_USR_ManufacturerStrDescriptor
 .text.USBD_USR_ProductStrDescriptor
                0x08002f20       0x14 /tmp/cccBId7L.ltrans5.ltrans.o
                0x08002f20                USBD_USR_ProductStrDescriptor
 .text.GPIO_Init
                0x08002f34       0x84 /tmp/cccBId7L.ltrans5.ltrans.o
                0x08002f34                GPIO_Init
 .text.RCC_GetFlagStatus
                0x08002fb8       0x28 /tmp/cccBId7L.ltrans5.ltrans.o
                0x08002fb8                RCC_GetFlagStatus
 .text.RTC_ReadBackupRegister
                0x08002fe0       0x20 /tmp/cccBId7L.ltrans5.ltrans.o
                0x08002fe0                RTC_ReadBackupRegister
 .text.RTC_WriteBackupRegister
                0x08003000       0x20 /tmp/cccBId7L.ltrans5.ltrans.o
                0x08003000                RTC_WriteBackupRegister
 .text.FLASH_WaitForLastOperation
                0x08003020       0x22 /tmp/cccBId7L.ltrans5.ltrans.o
                0x08003020                FLASH_WaitForLastOperation
 *fill*         0x08003042        0x2 
 .text.FLASH_ProgramWord
                0x08003044       0x3c /tmp/cccBId7L.ltrans5.ltrans.o
                0x08003044                FLASH_ProgramWord
 .text.FLASH_EraseSector
                0x08003080       0x6c /tmp/cccBId7L.ltrans5.ltrans.o
                0x08003080                FLASH_EraseSector
 .text.FLASH_Lock
                0x080030ec       0x10 /tmp/cccBId7L.ltrans5.ltrans.o
                0x080030ec                FLASH_Lock
 .text.FLASH_Unlock
                0x080030fc       0x1c /tmp/cccBId7L.ltrans5.ltrans.o
                0x080030fc                FLASH_Unlock
 .text.memset   0x08003118       0x12 /tmp/cccBId7L.ltrans5.ltrans.o
                0x08003118                memset
 .text.memcpy   0x0800312a       0x16 /tmp/cccBId7L.ltrans5.ltrans.o
                0x0800312a                memcpy
 .text.USBD_USR_SerialStrDescriptor
                0x08003140       0x68 /tmp/cccBId7L.ltrans5.ltrans.o
                0x08003140                USBD_USR_SerialStrDescriptor
 .text.dct_write_app_data
                0x080031a8       0x3c /tmp/cccBId7L.ltrans5.ltrans.o
                0x080031a8                dct_write_app_data
 .text.dct_read_app_data
                0x080031e4       0x2c /tmp/cccBId7L.ltrans5.ltrans.o
                0x080031e4                dct_read_app_data
 .text.dct_read_app_data_copy
                0x08003210       0x20 /tmp/cccBId7L.ltrans5.ltrans.o
                0x08003210                dct_read_app_data_copy
 .text.BUTTON_Pressed_Time
                0x08003230       0x2c /tmp/cccBId7L.ltrans5.ltrans.o
                0x08003230                BUTTON_Pressed_Time
 .text.BUTTON_Is_Pressed
                0x0800325c       0x24 /tmp/cccBId7L.ltrans5.ltrans.o
                0x0800325c                BUTTON_Is_Pressed
 .text.BUTTON_Debounce
                0x08003280       0x40 /tmp/cccBId7L.ltrans5.ltrans.o
                0x08003280                BUTTON_Debounce
 .text.BUTTON_Irq_Handler
                0x080032c0       0x30 /tmp/cccBId7L.ltrans5.ltrans.o
                0x080032c0                BUTTON_Irq_Handler
 .text.get_module_info
                0x080032f0       0x34 /tmp/cccBId7L.ltrans5.ltrans.o
                0x080032f0                get_module_info
 .text.ccr_scale
                0x08003324       0x18 /tmp/cccBId7L.ltrans6.ltrans.o
 .text.call_constructors.constprop.92
                0x0800333c       0x1c /tmp/cccBId7L.ltrans6.ltrans.o
                0x0800333c                call_constructors.constprop.92
 .text.get_module.constprop.74
                0x08003358       0x60 /tmp/cccBId7L.ltrans6.ltrans.o
                0x08003358                get_module.constprop.74
 .text.BUTTON_Init.constprop.55
                0x080033b8       0xb0 /tmp/cccBId7L.ltrans6.ltrans.o
                0x080033b8                BUTTON_Init.constprop.55
 .text.USBD_GetString.constprop.14
                0x08003468       0x40 /tmp/cccBId7L.ltrans6.ltrans.o
                0x08003468                USBD_GetString.constprop.14
 .text.DCD_EP_PrepareRx.constprop.7
                0x080034a8       0x30 /tmp/cccBId7L.ltrans6.ltrans.o
                0x080034a8                DCD_EP_PrepareRx.constprop.7
 .text.DCD_EP_Tx.constprop.6
                0x080034d8       0x2a /tmp/cccBId7L.ltrans6.ltrans.o
                0x080034d8                DCD_EP_Tx.constprop.6
 *fill*         0x08003502        0x2 
 .text.MAL_GetStatus.constprop.3
                0x08003504       0x48 /tmp/cccBId7L.ltrans6.ltrans.o
                0x08003504                MAL_GetStatus.constprop.3
 .text.startup._GLOBAL__sub_I_led_set_status_active
                0x0800354c       0x20 /tmp/cccBId7L.ltrans6.ltrans.o
 .text.Set_RGB_LED_Color
                0x0800356c       0x2e /tmp/cccBId7L.ltrans6.ltrans.o
                0x0800356c                Set_RGB_LED_Color
 *fill*         0x0800359a        0x2 
 .text.LED_Toggle.part.4.lto_priv.118
                0x0800359c       0x48 /tmp/cccBId7L.ltrans6.ltrans.o
                0x0800359c                LED_Toggle.part.4.lto_priv.118
 .text.USB_OTG_BSP_uDelay
                0x080035e4       0x14 /tmp/cccBId7L.ltrans6.ltrans.o
                0x080035e4                USB_OTG_BSP_uDelay
 .text.USB_OTG_FlushTxFifo.constprop.86
                0x080035f8       0x44 /tmp/cccBId7L.ltrans6.ltrans.o
                0x080035f8                USB_OTG_FlushTxFifo.constprop.86
 .text.FLASH_WriteProtection_Disable.part.4.lto_priv.95
                0x0800363c       0x5c /tmp/cccBId7L.ltrans6.ltrans.o
                0x0800363c                FLASH_WriteProtection_Disable.part.4.lto_priv.95
 .text.unlikely.FLASH_ApplyFactoryResetImage
                0x08003698       0x60 /tmp/cccBId7L.ltrans6.ltrans.o
                0x08003698                FLASH_ApplyFactoryResetImage
 .text.Reset_Handler
                0x080036f8       0x48 ../build/target/bootloader/platform-6-lto/startup/startup_stm32f2xx.o
                0x080036f8                Reset_Handler
 .text.Default_Handler
                0x08003740        0x2 ../build/target/bootloader/platform-6-lto/startup/startup_stm32f2xx.o
                0x08003740                RTC_Alarm_IRQHandler
                0x08003740                HASH_RNG_IRQHandler
                0x08003740                TIM8_CC_IRQHandler
                0x08003740                TIM1_CC_IRQHandler
                0x08003740                DMA2_Stream5_IRQHandler
                0x08003740                DMA1_Stream5_IRQHandler
                0x08003740                PVD_IRQHandler
                0x08003740                SDIO_IRQHandler
                0x08003740                TAMP_STAMP_IRQHandler
                0x08003740                CAN2_RX1_IRQHandler
                0x08003740                TIM8_TRG_COM_TIM14_IRQHandler
                0x08003740                TIM1_UP_TIM10_IRQHandler
                0x08003740                TIM8_UP_TIM13_IRQHandler
                0x08003740                I2C3_ER_IRQHandler
                0x08003740                I2C2_EV_IRQHandler
                0x08003740                DMA1_Stream2_IRQHandler
                0x08003740                CAN1_RX0_IRQHandler
                0x08003740                CAN2_SCE_IRQHandler
                0x08003740                DMA2_Stream2_IRQHandler
                0x08003740                SPI1_IRQHandler
                0x08003740                TIM6_DAC_IRQHandler
                0x08003740                TIM1_BRK_TIM9_IRQHandler
                0x08003740                DCMI_IRQHandler
                0x08003740                CAN2_RX0_IRQHandler
                0x08003740                DMA2_Stream3_IRQHandler
                0x08003740                USART6_IRQHandler
                0x08003740                USART3_IRQHandler
                0x08003740                CRYP_IRQHandler
                0x08003740                CAN1_RX1_IRQHandler
                0x08003740                UART5_IRQHandler
                0x08003740                DMA2_Stream0_IRQHandler
                0x08003740                TIM4_IRQHandler
                0x08003740                I2C1_EV_IRQHandler
                0x08003740                DMA1_Stream6_IRQHandler
                0x08003740                DMA1_Stream1_IRQHandler
                0x08003740                UART4_IRQHandler
                0x08003740                TIM3_IRQHandler
                0x08003740                RCC_IRQHandler
                0x08003740                TIM8_BRK_TIM12_IRQHandler
                0x08003740                Default_Handler
                0x08003740                ADC_IRQHandler
                0x08003740                DMA1_Stream7_IRQHandler
                0x08003740                TIM7_IRQHandler
                0x08003740                CAN2_TX_IRQHandler
                0x08003740                TIM5_IRQHandler
                0x08003740                DMA2_Stream7_IRQHandler
                0x08003740                I2C3_EV_IRQHandler
                0x08003740                RTC_WKUP_IRQHandler
                0x08003740                ETH_WKUP_IRQHandler
                0x08003740                SPI2_IRQHandler
                0x08003740                OTG_HS_EP1_IN_IRQHandler
                0x08003740                DMA1_Stream0_IRQHandler
                0x08003740                CAN1_TX_IRQHandler
                0x08003740                FSMC_IRQHandler
                0x08003740                ETH_IRQHandler
                0x08003740                OTG_HS_EP1_OUT_IRQHandler
                0x08003740                WWDG_IRQHandler
                0x08003740                OTG_FS_WKUP_IRQHandler
                0x08003740                TIM1_TRG_COM_TIM11_IRQHandler
                0x08003740                USART2_IRQHandler
                0x08003740                I2C2_ER_IRQHandler
                0x08003740                DMA2_Stream1_IRQHandler
                0x08003740                CAN1_SCE_IRQHandler
                0x08003740                FLASH_IRQHandler
                0x08003740                DMA2_Stream4_IRQHandler
                0x08003740                USART1_IRQHandler
                0x08003740                OTG_FS_IRQHandler
                0x08003740                SPI3_IRQHandler
                0x08003740                DMA1_Stream4_IRQHandler
                0x08003740                I2C1_ER_IRQHandler
                0x08003740                DMA2_Stream6_IRQHandler
                0x08003740                DMA1_Stream3_IRQHandler
 *(.rodata)
 *(.rodata*)
 *fill*         0x08003742        0x2 
 .rodata.module_user_mono
                0x08003744       0x10 /tmp/cccBId7L.ltrans0.ltrans.o
 .rodata.HAL_Leds_Default_Data
                0x08003754       0x60 /tmp/cccBId7L.ltrans0.ltrans.o
 .rodata.flashSectors.lto_priv.100
                0x080037b4        0xc /tmp/cccBId7L.ltrans2.ltrans.o
                0x080037b4                flashSectors.lto_priv.100
 .rodata.sectorAddresses
                0x080037c0       0x18 /tmp/cccBId7L.ltrans2.ltrans.o
 .rodata.usbd_dfu_StringDesc
                0x080037d8        0x8 /tmp/cccBId7L.ltrans3.ltrans.o
 .rodata.USBD_DFU_MsftExtPropOsDescr
                0x080037e0       0x92 /tmp/cccBId7L.ltrans3.ltrans.o
 .rodata.str1.1
                0x08003872       0x64 /tmp/cccBId7L.ltrans3.ltrans.o
 .rodata.USBD_DFU_MsftExtCompatIdOsDescr
                0x080038d6       0x28 /tmp/cccBId7L.ltrans3.ltrans.o
 .rodata.USBD_MsftStrDesc
                0x080038fe       0x12 /tmp/cccBId7L.ltrans5.ltrans.o
 .rodata.str1.1
                0x08003910       0x1d /tmp/cccBId7L.ltrans5.ltrans.o
 *fill*         0x0800392d        0x3 
 .rodata.tMALTab
                0x08003930        0x8 /tmp/cccBId7L.ltrans6.ltrans.o
                0x08003930                tMALTab
 .rodata.module_factory
                0x08003938       0x10 /tmp/cccBId7L.ltrans6.ltrans.o
 .rodata.module_system_part1
                0x08003948       0x10 /tmp/cccBId7L.ltrans6.ltrans.o
 .rodata.module_system_part2
                0x08003958       0x10 /tmp/cccBId7L.ltrans6.ltrans.o
                0x08003958                module_system_part2
 .rodata.module_bootloader
                0x08003968       0x10 /tmp/cccBId7L.ltrans6.ltrans.o
 .rodata.module_bounds
                0x08003978       0x14 /tmp/cccBId7L.ltrans6.ltrans.o
 .rodata.str1.1
                0x0800398c       0x64 /tmp/cccBId7L.ltrans6.ltrans.o
 .rodata.module_user
                0x0800398c       0x10 /tmp/cccBId7L.ltrans6.ltrans.o
 *(.glue_7)
 .glue_7        0x0800399c        0x0 linker stubs
 *(.glue_7t)
 .glue_7t       0x0800399c        0x0 linker stubs
                0x080039f0                . = ALIGN (0x4)
                0x080039f0                link_constructors_location = .
                0x080039f0                chk_system_pre_init_start = .
 *(.module_pre_init)
                0x080039f0                chk_system_pre_init_end = .
 *(.preinit_array)
 *(.init_array)
 .init_array    0x0800399c        0x4 /tmp/cccBId7L.ltrans6.ltrans.o
 *crtbegin.o(.ctors)
 *(EXCLUDE_FILE(*crtend.o) .ctors)
 *(SORT(.ctors.*))
 *crtend.o(.ctors)
                0x080039f0                chk_system_init_start = .
 *(.module_init)
                0x080039f0                chk_system_init_end = .
                0x080039f0                link_constructors_end = .
                0x080039f0                . = ALIGN (0x4)
                0x080039f0                _etext = .

.vfp11_veneer   0x080039a0        0x0
 .vfp11_veneer  0x080039a0        0x0 linker stubs

.v4_bx          0x080039a0        0x0
 .v4_bx         0x080039a0        0x0 linker stubs

.iplt           0x080039a0        0x0
 .iplt          0x080039a0        0x0 ../build/target/bootloader/platform-6-lto/startup/startup_stm32f2xx.o

.ARM.extab
 *(.ARM.extab* .gnu.linkonce.armextab.*)

.ARM            0x080039a0        0x0
                0x080039a0                __exidx_start = .
 *(.ARM.exidx*)
                0x080039a0                __exidx_end = .

.data           0x20002300      0x1b0 load address 0x080039a0
                0x080039a0                _sidata = LOADADDR (.data)
                0x20002300                . = ALIGN (0x4)
                0x20002300                _sdata = .
 *(.data)
 *(.data.*)
 .data.USR_desc
                0x20002300       0x20 /tmp/cccBId7L.ltrans0.ltrans.o
 .data.FirmwareUpdateColor
                0x20002320        0x4 /tmp/cccBId7L.ltrans0.ltrans.o
 .data.DFUModeColor
                0x20002324        0x4 /tmp/cccBId7L.ltrans0.ltrans.o
 .data.SafeModeColor
                0x20002328        0x4 /tmp/cccBId7L.ltrans0.ltrans.o
 .data.DFU_USR_cb
                0x2000232c       0x20 /tmp/cccBId7L.ltrans0.ltrans.o
 .data.USBD_DeviceQualifierDesc
                0x2000234c        0xa /tmp/cccBId7L.ltrans1.ltrans.o
 .data.usbd_dfu_CfgDesc
                0x20002356       0x24 /tmp/cccBId7L.ltrans3.ltrans.o
 *fill*         0x2000237a        0x2 
 .data.Pointer  0x2000237c        0x4 /tmp/cccBId7L.ltrans3.ltrans.o
 .data.usbd_dfu_OtherCfgDesc
                0x20002380       0x24 /tmp/cccBId7L.ltrans3.ltrans.o
 .data.DFU_cb   0x200023a4       0x34 /tmp/cccBId7L.ltrans4.ltrans.o
                0x200023a4                DFU_cb
 .data.USBD_DCD_INT_cb
                0x200023d8       0x2c /tmp/cccBId7L.ltrans4.ltrans.o
 .data.USBD_LangIDDesc
                0x20002404        0x4 /tmp/cccBId7L.ltrans5.ltrans.o
 .data.USBD_DeviceDesc
                0x20002408       0x12 /tmp/cccBId7L.ltrans5.ltrans.o
 *fill*         0x2000241a        0x2 
 .data.DFU_DCT_cb
                0x2000241c       0x28 /tmp/cccBId7L.ltrans6.ltrans.o
                0x2000241c                DFU_DCT_cb
 .data.led_rgb_brightness
                0x20002444        0x1 /tmp/cccBId7L.ltrans6.ltrans.o
 *fill*         0x20002445        0x3 
 .data.DFU_Flash_cb
                0x20002448       0x28 /tmp/cccBId7L.ltrans6.ltrans.o
                0x20002448                DFU_Flash_cb
 .data.HAL_Buttons
                0x20002470       0x40 /tmp/cccBId7L.ltrans6.ltrans.o
                0x20002470                HAL_Buttons
                0x200024b0                . = ALIGN (0x4)
                0x200024b0                _edata = .

.igot.plt       0x200024b0        0x0 load address 0x08003b50
 .igot.plt      0x200024b0        0x0 ../build/target/bootloader/platform-6-lto/startup/startup_stm32f2xx.o

.backup_system  0x40024c00        0x0 load address 0x08003b50
                0x08003b50                link_global_retained_system_initial_values = LOADADDR (.backup_system)
                0x40024c00                link_global_retained_system_start = .
 *(.retained_system*)
                0x40024c00                link_global_retained_system_end = .

.backup         0x40024000        0x0 load address 0x08003b50
                0x08003b50                link_global_retained_initial_values = LOADADDR (.backup)
                0x40024000                link_global_retained_start = .
 *(.retained_user*)
                0x40024000                link_global_retained_end = .
                0x40024000                . = ALIGN (., 0x4)

.bss            0x200024b0     0x1730
                0x200024b0                . = ALIGN (0x4)
                0x200024b0                _sbss = .
 *(.bss)
 *(.bss*)
 .bss.ApplicationAddress
                0x200024b0        0x4 /tmp/cccBId7L.ltrans0.ltrans.o
 .bss.Jump_To_Application
                0x200024b4        0x4 /tmp/cccBId7L.ltrans0.ltrans.o
 .bss.cfgidx.8944
                0x200024b8        0x1 /tmp/cccBId7L.ltrans1.ltrans.o
 *fill*         0x200024b9        0x3 
 .bss.USBD_cfg_status
                0x200024bc        0x4 /tmp/cccBId7L.ltrans1.ltrans.o
 .bss.USBD_ep_status
                0x200024c0        0x4 /tmp/cccBId7L.ltrans1.ltrans.o
 .bss.USBD_default_cfg
                0x200024c4        0x4 /tmp/cccBId7L.ltrans1.ltrans.o
 .bss.system_flags
                0x200024c8       0x20 /tmp/cccBId7L.ltrans2.ltrans.o
                0x200024c8                system_flags
 .bss.HAL_Leds_Default
                0x200024e8       0xc0 /tmp/cccBId7L.ltrans2.ltrans.o
                0x200024e8                HAL_Leds_Default
 .bss.DFU_Reset_Count
                0x200025a8        0x4 /tmp/cccBId7L.ltrans3.ltrans.o
                0x200025a8                DFU_Reset_Count
 .bss.wlength   0x200025ac        0x4 /tmp/cccBId7L.ltrans3.ltrans.o
 .bss.SET_TEST_MODE
                0x200025b0        0x4 /tmp/cccBId7L.ltrans3.ltrans.o
                0x200025b0                SET_TEST_MODE
 .bss.Manifest_State
                0x200025b4        0x4 /tmp/cccBId7L.ltrans3.ltrans.o
 .bss.wBlockNum
                0x200025b8        0x4 /tmp/cccBId7L.ltrans3.ltrans.o
 .bss.usbd_dfu_AltSet
                0x200025bc        0x4 /tmp/cccBId7L.ltrans3.ltrans.o
 .bss.MAL_Buffer
                0x200025c0     0x1000 /tmp/cccBId7L.ltrans3.ltrans.o
 .bss.DeviceState
                0x200035c0        0x1 /tmp/cccBId7L.ltrans3.ltrans.o
 .bss.SAFE_MODE
                0x200035c1        0x1 /tmp/cccBId7L.ltrans4.ltrans.o
                0x200035c1                SAFE_MODE
 .bss.OTA_FLASH_AVAILABLE
                0x200035c2        0x1 /tmp/cccBId7L.ltrans4.ltrans.o
                0x200035c2                OTA_FLASH_AVAILABLE
 .bss.REFLASH_FROM_BACKUP
                0x200035c3        0x1 /tmp/cccBId7L.ltrans4.ltrans.o
                0x200035c3                REFLASH_FROM_BACKUP
 .bss.system_millis
                0x200035c4        0x4 /tmp/cccBId7L.ltrans4.ltrans.o
 .bss.TimingBUTTON
                0x200035c8        0x4 /tmp/cccBId7L.ltrans4.ltrans.o
                0x200035c8                TimingBUTTON
 .bss.TimingLED
                0x200035cc        0x4 /tmp/cccBId7L.ltrans4.ltrans.o
 .bss.USB_DFU_MODE
                0x200035d0        0x1 /tmp/cccBId7L.ltrans4.ltrans.o
                0x200035d0                USB_DFU_MODE
 .bss.FACTORY_RESET_MODE
                0x200035d1        0x1 /tmp/cccBId7L.ltrans4.ltrans.o
                0x200035d1                FACTORY_RESET_MODE
 *fill*         0x200035d2        0x2 
 .bss.system_millis_clock
                0x200035d4        0x4 /tmp/cccBId7L.ltrans4.ltrans.o
 .bss.dct_write_app_data_func
                0x200035d8        0x4 /tmp/cccBId7L.ltrans5.ltrans.o
 .bss.dct_funcs_inited.lto_priv.119
                0x200035dc        0x1 /tmp/cccBId7L.ltrans5.ltrans.o
                0x200035dc                dct_funcs_inited.lto_priv.119
 *fill*         0x200035dd        0x3 
 .bss.dct_read_app_data_func
                0x200035e0        0x4 /tmp/cccBId7L.ltrans5.ltrans.o
 .bss.LED_RGB_OVERRIDE
                0x200035e4        0x1 /tmp/cccBId7L.ltrans6.ltrans.o
 *fill*         0x200035e5        0x3 
 .bss.lastRGBColor
                0x200035e8        0x4 /tmp/cccBId7L.ltrans6.ltrans.o
                0x200035e8                lastRGBColor
 .bss.USBD_StrDesc
                0x200035ec       0xff /tmp/cccBId7L.ltrans6.ltrans.o
                0x200035ec                USBD_StrDesc
 *fill*         0x200036eb        0x1 
 .bss.USB_OTG_dev
                0x200036ec      0x4d4 /tmp/cccBId7L.ltrans6.ltrans.o
                0x200036ec                USB_OTG_dev
 .bss.lastSignalColor
                0x20003bc0        0x4 /tmp/cccBId7L.ltrans6.ltrans.o
 .bss.DeviceStatus
                0x20003bc4        0x6 /tmp/cccBId7L.ltrans6.ltrans.o
                0x20003bc4                DeviceStatus
 *fill*         0x20003bca        0x2 
 .bss._ZN12_GLOBAL__N_110ledServiceE
                0x20003bcc       0x14 /tmp/cccBId7L.ltrans6.ltrans.o
 *(COMMON)
                0x20003be0                . = ALIGN (0x4)
                0x20003be0                _ebss = .
                [!provide]                PROVIDE (end, _ebss)
                [!provide]                PROVIDE (_end, _ebss)

._usrstack      0x20003be0     0x1400
                0x20003be0                . = ALIGN (0x4)
                0x20003be0                _susrstack = .
                0x20004fe0                . = (. + _Minimum_Stack_Size)
 *fill*         0x20003be0     0x1400 
                0x20004fe0                . = ALIGN (0x4)
                0x20004fe0                _eusrstack = .

DISCARD
 libc.a(*)
 libm.a(*)
 libgcc.a(*)

.stab
 *(.stab)

.stabstr
 *(.stabstr)

.stab.excl
 *(.stab.excl)

.stab.exclstr
 *(.stab.exclstr)

.stab.index
 *(.stab.index)

.stab.indexstr
 *(.stab.indexstr)

.comment        0x00000000       0x6e
 *(.comment)
 .comment       0x00000000       0x6e /tmp/cccBId7L.ltrans0.ltrans.o
                                 0x6f (size before relaxing)
 .comment       0x0000006e       0x6f /tmp/cccBId7L.ltrans1.ltrans.o
 .comment       0x0000006e       0x6f /tmp/cccBId7L.ltrans2.ltrans.o
 .comment       0x0000006e       0x6f /tmp/cccBId7L.ltrans3.ltrans.o
 .comment       0x0000006e       0x6f /tmp/cccBId7L.ltrans4.ltrans.o
 .comment       0x0000006e       0x6f /tmp/cccBId7L.ltrans5.ltrans.o
 .comment       0x0000006e       0x6f /tmp/cccBId7L.ltrans6.ltrans.o

.ARM.attributes
                0x00000000       0x31
 .ARM.attributes
                0x00000000       0x31 /tmp/cccBId7L.ltrans0.ltrans.o
 .ARM.attributes
                0x00000031       0x31 /tmp/cccBId7L.ltrans1.ltrans.o
 .ARM.attributes
                0x00000062       0x31 /tmp/cccBId7L.ltrans2.ltrans.o
 .ARM.attributes
                0x00000093       0x31 /tmp/cccBId7L.ltrans3.ltrans.o
 .ARM.attributes
                0x000000c4       0x31 /tmp/cccBId7L.ltrans4.ltrans.o
 .ARM.attributes
                0x000000f5       0x31 /tmp/cccBId7L.ltrans5.ltrans.o
 .ARM.attributes
                0x00000126       0x31 /tmp/cccBId7L.ltrans6.ltrans.o
 .ARM.attributes
                0x00000157       0x21 ../build/target/bootloader/platform-6-lto/startup/startup_stm32f2xx.o

.debug
 *(.debug)

.line
 *(.line)

.debug_srcinfo
 *(.debug_srcinfo)

.debug_sfnames
 *(.debug_sfnames)

.debug_aranges  0x00000000      0x5b8
 *(.debug_aranges)
 .debug_aranges
                0x00000000       0x28 /tmp/cccBId7L.ltrans0.ltrans.o
 .debug_aranges
                0x00000028       0x68 /tmp/cccBId7L.ltrans1.ltrans.o
 .debug_aranges
                0x00000090       0x90 /tmp/cccBId7L.ltrans2.ltrans.o
 .debug_aranges
                0x00000120      0x128 /tmp/cccBId7L.ltrans3.ltrans.o
 .debug_aranges
                0x00000248       0xd8 /tmp/cccBId7L.ltrans4.ltrans.o
 .debug_aranges
                0x00000320      0x1d8 /tmp/cccBId7L.ltrans5.ltrans.o
 .debug_aranges
                0x000004f8       0x98 /tmp/cccBId7L.ltrans6.ltrans.o
 .debug_aranges
                0x00000590       0x28 ../build/target/bootloader/platform-6-lto/startup/startup_stm32f2xx.o

.debug_pubnames
 *(.debug_pubnames)

.debug_info     0x00000000    0x14066
 *(.debug_info .gnu.linkonce.wi.*)
 .debug_info    0x00000000     0x41ab /tmp/cccBId7L.ltrans0.ltrans.o
 .debug_info    0x000041ab     0x2575 /tmp/cccBId7L.ltrans1.ltrans.o
 .debug_info    0x00006720     0x28e5 /tmp/cccBId7L.ltrans2.ltrans.o
 .debug_info    0x00009005     0x29f3 /tmp/cccBId7L.ltrans3.ltrans.o
 .debug_info    0x0000b9f8     0x35c0 /tmp/cccBId7L.ltrans4.ltrans.o
 .debug_info    0x0000efb8     0x22a4 /tmp/cccBId7L.ltrans5.ltrans.o
 .debug_info    0x0001125c     0x2d91 /tmp/cccBId7L.ltrans6.ltrans.o
 .debug_info    0x00013fed       0x79 ../build/target/bootloader/platform-6-lto/startup/startup_stm32f2xx.o

.debug_abbrev   0x00000000     0x27c2
 *(.debug_abbrev)
 .debug_abbrev  0x00000000      0x586 /tmp/cccBId7L.ltrans0.ltrans.o
 .debug_abbrev  0x00000586      0x4e4 /tmp/cccBId7L.ltrans1.ltrans.o
 .debug_abbrev  0x00000a6a      0x5e2 /tmp/cccBId7L.ltrans2.ltrans.o
 .debug_abbrev  0x0000104c      0x62e /tmp/cccBId7L.ltrans3.ltrans.o
 .debug_abbrev  0x0000167a      0x548 /tmp/cccBId7L.ltrans4.ltrans.o
 .debug_abbrev  0x00001bc2      0x5e8 /tmp/cccBId7L.ltrans5.ltrans.o
 .debug_abbrev  0x000021aa      0x606 /tmp/cccBId7L.ltrans6.ltrans.o
 .debug_abbrev  0x000027b0       0x12 ../build/target/bootloader/platform-6-lto/startup/startup_stm32f2xx.o

.debug_line     0x00000000     0x3dfa
 *(.debug_line)
 .debug_line    0x00000000      0xbcc /tmp/cccBId7L.ltrans0.ltrans.o
 .debug_line    0x00000bcc      0x5ff /tmp/cccBId7L.ltrans1.ltrans.o
 .debug_line    0x000011cb      0x883 /tmp/cccBId7L.ltrans2.ltrans.o
 .debug_line    0x00001a4e      0x8c0 /tmp/cccBId7L.ltrans3.ltrans.o
 .debug_line    0x0000230e      0x7e1 /tmp/cccBId7L.ltrans4.ltrans.o
 .debug_line    0x00002aef      0x9fd /tmp/cccBId7L.ltrans5.ltrans.o
 .debug_line    0x000034ec      0x86f /tmp/cccBId7L.ltrans6.ltrans.o
 .debug_line    0x00003d5b       0x9f ../build/target/bootloader/platform-6-lto/startup/startup_stm32f2xx.o

.debug_frame    0x00000000      0xecc
 *(.debug_frame)
 .debug_frame   0x00000000       0x40 /tmp/cccBId7L.ltrans0.ltrans.o
 .debug_frame   0x00000040      0x124 /tmp/cccBId7L.ltrans1.ltrans.o
 .debug_frame   0x00000164      0x190 /tmp/cccBId7L.ltrans2.ltrans.o
 .debug_frame   0x000002f4      0x358 /tmp/cccBId7L.ltrans3.ltrans.o
 .debug_frame   0x0000064c      0x1e0 /tmp/cccBId7L.ltrans4.ltrans.o
 .debug_frame   0x0000082c      0x4ec /tmp/cccBId7L.ltrans5.ltrans.o
 .debug_frame   0x00000d18      0x1b4 /tmp/cccBId7L.ltrans6.ltrans.o

.debug_str      0x00000000     0x4e37
 *(.debug_str)
 .debug_str     0x00000000     0x205b /tmp/cccBId7L.ltrans0.ltrans.o
                               0x234a (size before relaxing)
 .debug_str     0x0000205b      0x54f /tmp/cccBId7L.ltrans1.ltrans.o
                               0x120a (size before relaxing)
 .debug_str     0x000025aa      0xa05 /tmp/cccBId7L.ltrans2.ltrans.o
                               0x11a6 (size before relaxing)
 .debug_str     0x00002faf      0x6f8 /tmp/cccBId7L.ltrans3.ltrans.o
                               0x13c3 (size before relaxing)
 .debug_str     0x000036a7      0x7f6 /tmp/cccBId7L.ltrans4.ltrans.o
                               0x1b8f (size before relaxing)
 .debug_str     0x00003e9d      0x906 /tmp/cccBId7L.ltrans5.ltrans.o
                               0x1233 (size before relaxing)
 .debug_str     0x000047a3      0x694 /tmp/cccBId7L.ltrans6.ltrans.o
                               0x1b00 (size before relaxing)

.debug_loc      0x00000000     0x7e3a
 *(.debug_loc)
 .debug_loc     0x00000000      0xc89 /tmp/cccBId7L.ltrans0.ltrans.o
 .debug_loc     0x00000c89     0x14aa /tmp/cccBId7L.ltrans1.ltrans.o
 .debug_loc     0x00002133     0x184c /tmp/cccBId7L.ltrans2.ltrans.o
 .debug_loc     0x0000397f     0x1777 /tmp/cccBId7L.ltrans3.ltrans.o
 .debug_loc     0x000050f6      0xb08 /tmp/cccBId7L.ltrans4.ltrans.o
 .debug_loc     0x00005bfe     0x182a /tmp/cccBId7L.ltrans5.ltrans.o
 .debug_loc     0x00007428      0xa12 /tmp/cccBId7L.ltrans6.ltrans.o

.debug_macinfo
 *(.debug_macinfo)

.debug_weaknames
 *(.debug_weaknames)

.debug_funcnames
 *(.debug_funcnames)

.debug_typenames
 *(.debug_typenames)

.debug_varnames
 *(.debug_varnames)

.module_info_suffix
                0x08003b50       0x28
                0x08003b50                . = ALIGN (., 0x2)
                0x08003b50                link_module_info_static_start = .
                0x08003b50        0x2 SHORT 0xffff
                0x08003b52        0x2 SHORT 0xffff
 *.o(.modinfo.product_id)
 *.o(.modinfo.product_version)
                0x08003b54                link_module_info_suffix_start = .
 *.o(.modinfo.module_info_suffix)
 .modinfo.module_info_suffix
                0x08003b54       0x24 /tmp/cccBId7L.ltrans0.ltrans.o
                0x08003b54                module_info_suffix
                0x08003b78                link_module_info_suffix_end = .

.module_end     0x08003b78        0x0
                0x08003b78                link_module_end = .

.module_info_crc
                0x08003b78        0x4
                0x08003b78                link_module_info_crc_start = .
 *.o(.modinfo.module_info_crc)
 .modinfo.module_info_crc
                0x08003b78        0x4 /tmp/cccBId7L.ltrans0.ltrans.o
                0x08003b78                module_info_crc
                0x08003b7c                link_module_info_crc_end = .
                0x08004000                PROVIDE (dct1_start_addr_loc, ORIGIN (DCT1_FLASH))
                0x00004000                PROVIDE (dct1_size_loc, LENGTH (DCT1_FLASH))
                0x08008000                PROVIDE (dct2_start_addr_loc, ORIGIN (DCT2_FLASH))
                [!provide]                PROVIDE (dct2_size_loc, LENGTH (DCT2_FLASH))
                0x00000001                ASSERT ((link_module_info_start < link_module_info_end), module info not linked)
                0x00000001                ASSERT (((link_module_info_start - ORIGIN (APP_FLASH)) == 0x184), module info not where expected)
                0x00000001                ASSERT ((link_module_info_suffix_start < link_module_info_suffix_end), module info suffix not linked)
                0x00000001                ASSERT ((link_module_info_crc_start < link_module_info_crc_end), module info crc not linked)
OUTPUT(../build/target/bootloader/platform-6-lto/bootloader.elf elf32-littlearm)

.rel.dyn        0x08003b7c        0x0
 .rel.iplt      0x08003b7c        0x0 ../build/target/bootloader/platform-6-lto/startup/startup_stm32f2xx.o

.debug_ranges   0x00000000     0x1150
 .debug_ranges  0x00000000      0x460 /tmp/cccBId7L.ltrans0.ltrans.o
 .debug_ranges  0x00000460      0x170 /tmp/cccBId7L.ltrans1.ltrans.o
 .debug_ranges  0x000005d0      0x258 /tmp/cccBId7L.ltrans2.ltrans.o
 .debug_ranges  0x00000828      0x258 /tmp/cccBId7L.ltrans3.ltrans.o
 .debug_ranges  0x00000a80      0x2c0 /tmp/cccBId7L.ltrans4.ltrans.o
 .debug_ranges  0x00000d40      0x270 /tmp/cccBId7L.ltrans5.ltrans.o
 .debug_ranges  0x00000fb0      0x180 /tmp/cccBId7L.ltrans6.ltrans.o
 .debug_ranges  0x00001130       0x20 ../build/target/bootloader/platform-6-lto/startup/startup_stm32f2xx.o
